// Jest Snapshot v1, https://goo.gl/fbAQLP

exports[`ButtonControl Snapshot 1`] = `
"<button id=\\"ID_ActionControl_1_1\\">ActionControl</button>
"
`;
